// Jest Snapshot v1, https://goo.gl/fbAQLP

exports[`Customize elements - code 1`] = `"<pre class=\\"shiki\\" style=\\"background-color: #2e3440ff\\"><code data-copy-text=\\"hello\\"><span class=\\"line\\"><span style=\\"color: #D8DEE9\\">console</span><span style=\\"color: #ECEFF4\\">.</span><span style=\\"color: #88C0D0\\">log</span><span style=\\"color: #D8DEE9FF\\">(</span><span style=\\"color: #ECEFF4\\">&#39;</span><span style=\\"color: #A3BE8C\\">shiki</span><span style=\\"color: #ECEFF4\\">&#39;</span><span style=\\"color: #D8DEE9FF\\">)</span><span style=\\"color: #81A1C1\\">;</span></span></code></pre>"`;

exports[`Customize elements - line 1`] = `"<pre class=\\"shiki\\" style=\\"background-color: #2e3440ff\\"><code><span class=\\"line\\"><span class=\\"line-no\\">0</span><span style=\\"color: #D8DEE9\\">console</span><span style=\\"color: #ECEFF4\\">.</span><span style=\\"color: #88C0D0\\">log</span><span style=\\"color: #D8DEE9FF\\">(</span><span style=\\"color: #ECEFF4\\">&#39;</span><span style=\\"color: #A3BE8C\\">shiki</span><span style=\\"color: #ECEFF4\\">&#39;</span><span style=\\"color: #D8DEE9FF\\">)</span><span style=\\"color: #81A1C1\\">;</span></span></code></pre>"`;

exports[`Customize elements - pre 1`] = `"<pre tabindex=\\"1\\" class=\\"shiki\\" style=\\"background-color: #2e3440ff\\"><code><span class=\\"line\\"><span style=\\"color: #D8DEE9\\">console</span><span style=\\"color: #ECEFF4\\">.</span><span style=\\"color: #88C0D0\\">log</span><span style=\\"color: #D8DEE9FF\\">(</span><span style=\\"color: #ECEFF4\\">&#39;</span><span style=\\"color: #A3BE8C\\">shiki</span><span style=\\"color: #ECEFF4\\">&#39;</span><span style=\\"color: #D8DEE9FF\\">)</span><span style=\\"color: #81A1C1\\">;</span></span></code></pre>"`;

exports[`Customize elements - token 1`] = `"<pre class=\\"shiki\\" style=\\"background-color: #2e3440ff\\"><code><span class=\\"line\\"><span data-color=\\"#D8DEE9\\" style=\\"color: #D8DEE9\\">console</span><span data-color=\\"#ECEFF4\\" style=\\"color: #ECEFF4\\">.</span><span data-color=\\"#88C0D0\\" style=\\"color: #88C0D0\\">log</span><span data-color=\\"#D8DEE9FF\\" style=\\"color: #D8DEE9FF\\">(</span><span data-color=\\"#ECEFF4\\" style=\\"color: #ECEFF4\\">&#39;</span><span data-color=\\"#A3BE8C\\" style=\\"color: #A3BE8C\\">shiki</span><span data-color=\\"#ECEFF4\\" style=\\"color: #ECEFF4\\">&#39;</span><span data-color=\\"#D8DEE9FF\\" style=\\"color: #D8DEE9FF\\">)</span><span data-color=\\"#81A1C1\\" style=\\"color: #81A1C1\\">;</span></span></code></pre>"`;
