// Jest Snapshot v1, https://goo.gl/fbAQLP

exports[`Handle multiple font styles 1`] = `"<pre class=\\"shiki\\" style=\\"background-color: #263238\\"><code><span class=\\"line\\"><span style=\\"color: #89DDFF; font-weight: bold\\">**</span><span style=\\"color: #89DDFF; font-style: italic; font-weight: bold\\">*</span><span style=\\"color: #F07178; font-style: italic; font-weight: bold\\">bold italic</span><span style=\\"color: #89DDFF; font-style: italic; font-weight: bold\\">*</span><span style=\\"color: #89DDFF; font-weight: bold\\">**</span></span></code></pre>"`;
